\BOOKMARK [0][-]{chapter*.2}{\376\377\000A\000b\000s\000t\000r\000a\000c\000t}{}% 1
\BOOKMARK [0][-]{chapter*.4}{\376\377\000D\000e\000d\000i\000c\000a\000t\000i\000o\000n\000\040\000a\000n\000d\000\040\000a\000c\000k\000n\000o\000w\000l\000e\000d\000g\000e\000m\000e\000n\000t\000s}{}% 2
\BOOKMARK [0][-]{chapter*.6}{\376\377\000A\000u\000t\000h\000o\000r\000'\000s\000\040\000d\000e\000c\000l\000a\000r\000a\000t\000i\000o\000n}{}% 3
\BOOKMARK [0][-]{chapter*.8}{\376\377\000D\000e\000f\000i\000n\000i\000t\000i\000o\000n\000s}{}% 4
\BOOKMARK [0][-]{chapter*.10}{\376\377\000D\000e\000s\000i\000g\000n\000a\000t\000i\000o\000n\000s\000\040\000a\000n\000d\000\040\000A\000b\000b\000r\000e\000v\000i\000a\000t\000i\000o\000n\000s}{}% 5
\BOOKMARK [0][-]{chapter*.11}{\376\377\000L\000i\000s\000t\000\040\000o\000f\000\040\000T\000a\000b\000l\000e\000s}{}% 6
\BOOKMARK [0][-]{chapter*.12}{\376\377\000L\000i\000s\000t\000\040\000o\000f\000\040\000F\000i\000g\000u\000r\000e\000s}{}% 7
\BOOKMARK [0][-]{chapter.1}{\376\377\000I\000n\000t\000r\000o\000d\000u\000c\000t\000i\000o\000n}{}% 8
\BOOKMARK [0][-]{chapter.2}{\376\377\000L\000i\000t\000e\000r\000a\000t\000u\000r\000e\000\040\000R\000e\000v\000i\000e\000w}{}% 9
\BOOKMARK [1][-]{section.2.1}{\376\377\000E\000m\000o\000t\000i\000o\000n\000\040\000R\000e\000c\000o\000g\000n\000i\000t\000i\000o\000n\000\040\000i\000n\000\040\000H\000u\000m\000a\000n\000\040\000C\000o\000m\000m\000u\000n\000i\000c\000a\000t\000i\000o\000n}{chapter.2}% 10
\BOOKMARK [1][-]{section.2.2}{\376\377\000T\000h\000e\000\040\000C\000M\000U\000-\000M\000O\000S\000E\000I\000\040\000D\000a\000t\000a\000s\000e\000t}{chapter.2}% 11
\BOOKMARK [1][-]{section.2.3}{\376\377\000F\000e\000a\000t\000u\000r\000e\000\040\000E\000x\000t\000r\000a\000c\000t\000i\000o\000n\000\040\000f\000o\000r\000\040\000T\000e\000x\000t\000,\000\040\000A\000u\000d\000i\000o\000,\000\040\000a\000n\000d\000\040\000V\000i\000d\000e\000o\000\040\000M\000o\000d\000a\000l\000i\000t\000i\000e\000s}{chapter.2}% 12
\BOOKMARK [1][-]{section.2.4}{\376\377\000M\000u\000l\000t\000i\000m\000o\000d\000a\000l\000\040\000F\000u\000s\000i\000o\000n\000\040\000A\000p\000p\000r\000o\000a\000c\000h}{chapter.2}% 13
\BOOKMARK [1][-]{section.2.5}{\376\377\000A\000t\000t\000e\000n\000t\000i\000o\000n\000\040\000B\000o\000t\000t\000l\000e\000n\000e\000c\000k\000\040\000M\000e\000c\000h\000a\000n\000i\000s\000m}{chapter.2}% 14
\BOOKMARK [1][-]{section.2.6}{\376\377\000G\000a\000p\000s\000\040\000i\000n\000\040\000E\000x\000i\000s\000t\000i\000n\000g\000\040\000R\000e\000s\000e\000a\000r\000c\000h\000\040\000a\000n\000d\000\040\000P\000r\000o\000j\000e\000c\000t\000\040\000J\000u\000s\000t\000i\000f\000i\000c\000a\000t\000i\000o\000n}{chapter.2}% 15
\BOOKMARK [1][-]{section.2.7}{\376\377\000C\000o\000m\000p\000a\000r\000a\000t\000i\000v\000e\000\040\000A\000n\000a\000l\000y\000s\000i\000s\000\040\000o\000f\000\040\000R\000e\000l\000a\000t\000e\000d\000\040\000W\000o\000r\000k\000s}{chapter.2}% 16
\BOOKMARK [0][-]{chapter.3}{\376\377\000M\000e\000t\000h\000o\000d\000o\000l\000o\000g\000y}{}% 17
\BOOKMARK [1][-]{section.3.1}{\376\377\000R\000e\000s\000e\000a\000r\000c\000h\000\040\000D\000e\000s\000i\000g\000n}{chapter.3}% 18
\BOOKMARK [1][-]{section.3.2}{\376\377\000Q\000u\000a\000n\000t\000i\000t\000a\000t\000i\000v\000e\000\040\000E\000x\000p\000e\000r\000i\000m\000e\000n\000t\000a\000l\000\040\000A\000p\000p\000r\000o\000a\000c\000h\000\040\000t\000o\000\040\000E\000m\000o\000t\000i\000o\000n\000\040\000R\000e\000c\000o\000g\000n\000i\000t\000i\000o\000n}{chapter.3}% 19
\BOOKMARK [1][-]{section.3.3}{\376\377\000J\000u\000s\000t\000i\000f\000i\000c\000a\000t\000i\000o\000n\000\040\000o\000f\000\040\000t\000h\000e\000\040\000E\000x\000p\000e\000r\000i\000m\000e\000n\000t\000a\000l\000\040\000E\000v\000a\000l\000u\000a\000t\000i\000o\000n\000\040\000A\000p\000p\000r\000o\000a\000c\000h}{chapter.3}% 20
\BOOKMARK [1][-]{section.3.4}{\376\377\000D\000a\000t\000a\000s\000e\000t\000\040\000a\000n\000d\000\040\000C\000o\000m\000p\000u\000t\000a\000t\000i\000o\000n\000a\000l\000\040\000I\000n\000s\000t\000r\000u\000m\000e\000n\000t\000s}{chapter.3}% 21
\BOOKMARK [1][-]{section.3.5}{\376\377\000D\000a\000t\000a\000\040\000S\000a\000m\000p\000l\000i\000n\000g\000\040\000a\000n\000d\000\040\000C\000l\000a\000s\000s\000\040\000I\000m\000b\000a\000l\000a\000n\000c\000e\000\040\000i\000n\000\040\000C\000M\000U\000-\000M\000O\000S\000E\000I}{chapter.3}% 22
\BOOKMARK [1][-]{section.3.6}{\376\377\000M\000u\000l\000t\000i\000m\000o\000d\000a\000l\000\040\000F\000e\000a\000t\000u\000r\000e\000\040\000P\000r\000e\000p\000r\000o\000c\000e\000s\000s\000i\000n\000g\000\040\000P\000i\000p\000e\000l\000i\000n\000e}{chapter.3}% 23
\BOOKMARK [1][-]{section.3.7}{\376\377\000E\000v\000a\000l\000u\000a\000t\000i\000o\000n\000\040\000M\000e\000t\000r\000i\000c\000s\000,\000\040\000T\000r\000a\000i\000n\000i\000n\000g\000\040\000P\000r\000o\000t\000o\000c\000o\000l\000,\000\040\000a\000n\000d\000\040\000A\000b\000l\000a\000t\000i\000o\000n\000\040\000D\000e\000s\000i\000g\000n}{chapter.3}% 24
\BOOKMARK [1][-]{section.3.8}{\376\377\000L\000i\000m\000i\000t\000a\000t\000i\000o\000n\000s\000\040\000o\000f\000\040\000t\000h\000e\000\040\000R\000e\000s\000e\000a\000r\000c\000h\000\040\000A\000p\000p\000r\000o\000a\000c\000h}{chapter.3}% 25
\BOOKMARK [1][-]{section.3.9}{\376\377\000V\000a\000l\000i\000d\000i\000t\000y\000\040\000a\000n\000d\000\040\000R\000e\000l\000i\000a\000b\000i\000l\000i\000t\000y\000\040\000o\000f\000\040\000E\000x\000p\000e\000r\000i\000m\000e\000n\000t\000a\000l\000\040\000R\000e\000s\000u\000l\000t\000s}{chapter.3}% 26
\BOOKMARK [1][-]{section.3.10}{\376\377\000E\000t\000h\000i\000c\000a\000l\000\040\000C\000o\000n\000s\000i\000d\000e\000r\000a\000t\000i\000o\000n\000s\000\040\000i\000n\000\040\000M\000u\000l\000t\000i\000m\000o\000d\000a\000l\000\040\000E\000m\000o\000t\000i\000o\000n\000\040\000R\000e\000c\000o\000g\000n\000i\000t\000i\000o\000n}{chapter.3}% 27
\BOOKMARK [0][-]{chapter.4}{\376\377\000S\000y\000s\000t\000e\000m\000\040\000D\000e\000s\000i\000g\000n\000\040\000a\000n\000d\000\040\000I\000m\000p\000l\000e\000m\000e\000n\000t\000a\000t\000i\000o\000n}{}% 28
\BOOKMARK [1][-]{section.4.1}{\376\377\000S\000y\000s\000t\000e\000m\000\040\000A\000r\000c\000h\000i\000t\000e\000c\000t\000u\000r\000e\000\040\000O\000v\000e\000r\000v\000i\000e\000w}{chapter.4}% 29
\BOOKMARK [1][-]{section.4.2}{\376\377\000M\000o\000d\000e\000l\000\040\000D\000e\000s\000i\000g\000n}{chapter.4}% 30
\BOOKMARK [2][-]{subsection.4.2.1}{\376\377\000B\000a\000s\000e\000l\000i\000n\000e\000\040\0001\000:\000\040\000L\000a\000t\000e\000\040\000F\000u\000s\000i\000o\000n\000\040\000w\000i\000t\000h\000\040\0001\000D\000-\000C\000N\000N\000\040\000a\000n\000d\000\040\000B\000i\000L\000S\000T\000M}{section.4.2}% 31
\BOOKMARK [2][-]{subsection.4.2.2}{\376\377\000B\000a\000s\000e\000l\000i\000n\000e\000\040\0002\000:\000\040\000L\000a\000t\000e\000\040\000F\000u\000s\000i\000o\000n\000\040\000w\000i\000t\000h\000\040\000M\000u\000l\000t\000i\000m\000o\000d\000a\000l\000\040\000T\000r\000a\000n\000s\000f\000o\000r\000m\000e\000r}{section.4.2}% 32
\BOOKMARK [2][-]{subsection.4.2.3}{\376\377\000P\000r\000o\000p\000o\000s\000e\000d\000\040\000M\000o\000d\000e\000l\000:\000\040\000B\000E\000R\000T\000\040\000+\000\040\000C\000o\000n\000v\0001\000D\000\040\000+\000\040\000A\000t\000t\000e\000n\000t\000i\000o\000n\000\040\000B\000o\000t\000t\000l\000e\000n\000e\000c\000k\000\040\000F\000u\000s\000i\000o\000n}{section.4.2}% 33
\BOOKMARK [1][-]{section.4.3}{\376\377\000T\000r\000a\000i\000n\000i\000n\000g\000\040\000I\000m\000p\000l\000e\000m\000e\000n\000t\000a\000t\000i\000o\000n}{chapter.4}% 34
\BOOKMARK [1][-]{section.4.4}{\376\377\000F\000r\000o\000n\000t\000e\000n\000d\000\040\000D\000e\000s\000i\000g\000n}{chapter.4}% 35
\BOOKMARK [1][-]{section.4.5}{\376\377\000B\000a\000c\000k\000e\000n\000d\000\040\000I\000m\000p\000l\000e\000m\000e\000n\000t\000a\000t\000i\000o\000n}{chapter.4}% 36
\BOOKMARK [1][-]{section.4.6}{\376\377\000I\000n\000t\000e\000g\000r\000a\000t\000i\000o\000n\000\040\000o\000f\000\040\000F\000r\000o\000n\000t\000e\000n\000d\000\040\000a\000n\000d\000\040\000B\000a\000c\000k\000e\000n\000d}{chapter.4}% 37
\BOOKMARK [1][-]{section.4.7}{\376\377\000D\000a\000t\000a\000b\000a\000s\000e\000\040\000D\000e\000s\000i\000g\000n}{chapter.4}% 38
\BOOKMARK [0][-]{chapter.5}{\376\377\000R\000e\000s\000u\000l\000t\000s\000\040\000a\000n\000d\000\040\000E\000v\000a\000l\000u\000a\000t\000i\000o\000n}{}% 39
\BOOKMARK [1][-]{section.5.1}{\376\377\000O\000v\000e\000r\000v\000i\000e\000w}{chapter.5}% 40
\BOOKMARK [1][-]{section.5.2}{\376\377\000C\000o\000m\000p\000a\000r\000i\000s\000o\000n\000\040\000o\000f\000\040\000I\000m\000p\000l\000e\000m\000e\000n\000t\000e\000d\000\040\000A\000r\000c\000h\000i\000t\000e\000c\000t\000u\000r\000e\000s}{chapter.5}% 41
\BOOKMARK [1][-]{section.5.3}{\376\377\000A\000b\000l\000a\000t\000i\000o\000n\000\040\000S\000t\000u\000d\000y}{chapter.5}% 42
\BOOKMARK [1][-]{section.5.4}{\376\377\000P\000e\000r\000-\000C\000l\000a\000s\000s\000\040\000F\0001\000\040\000A\000n\000a\000l\000y\000s\000i\000s}{chapter.5}% 43
\BOOKMARK [1][-]{section.5.5}{\376\377\000E\000f\000f\000e\000c\000t\000\040\000o\000f\000\040\000T\000h\000r\000e\000s\000h\000o\000l\000d\000\040\000T\000u\000n\000i\000n\000g}{chapter.5}% 44
\BOOKMARK [1][-]{section.5.6}{\376\377\000C\000o\000m\000p\000a\000r\000i\000s\000o\000n\000\040\000w\000i\000t\000h\000\040\000P\000u\000b\000l\000i\000s\000h\000e\000d\000\040\000S\000t\000u\000d\000i\000e\000s}{chapter.5}% 45
\BOOKMARK [1][-]{section.5.7}{\376\377\000S\000y\000s\000t\000e\000m\000\040\000I\000n\000f\000e\000r\000e\000n\000c\000e\000\040\000P\000e\000r\000f\000o\000r\000m\000a\000n\000c\000e}{chapter.5}% 46
\BOOKMARK [1][-]{section.5.8}{\376\377\000T\000r\000a\000i\000n\000i\000n\000g\000\040\000D\000y\000n\000a\000m\000i\000c\000s}{chapter.5}% 47
\BOOKMARK [1][-]{section.5.9}{\376\377\000S\000u\000m\000m\000a\000r\000y\000\040\000o\000f\000\040\000R\000e\000s\000u\000l\000t\000s}{chapter.5}% 48
\BOOKMARK [0][-]{chapter.6}{\376\377\000D\000i\000s\000c\000u\000s\000s\000i\000o\000n}{}% 49
\BOOKMARK [1][-]{section.6.1}{\376\377\000O\000v\000e\000r\000v\000i\000e\000w}{chapter.6}% 50
\BOOKMARK [1][-]{section.6.2}{\376\377\000E\000f\000f\000e\000c\000t\000i\000v\000e\000n\000e\000s\000s\000\040\000o\000f\000\040\000B\000o\000t\000t\000l\000e\000n\000e\000c\000k\000\040\000A\000t\000t\000e\000n\000t\000i\000o\000n\000\040\000F\000u\000s\000i\000o\000n}{chapter.6}% 51
\BOOKMARK [1][-]{section.6.3}{\376\377\000T\000h\000e\000\040\000R\000o\000l\000e\000\040\000o\000f\000\040\000T\000e\000x\000t\000\040\000R\000e\000p\000r\000e\000s\000e\000n\000t\000a\000t\000i\000o\000n\000\040\000Q\000u\000a\000l\000i\000t\000y}{chapter.6}% 52
\BOOKMARK [1][-]{section.6.4}{\376\377\000C\000l\000a\000s\000s\000\040\000I\000m\000b\000a\000l\000a\000n\000c\000e\000\040\000a\000n\000d\000\040\000M\000i\000n\000o\000r\000i\000t\000y\000\040\000E\000m\000o\000t\000i\000o\000n\000\040\000R\000e\000c\000o\000g\000n\000i\000t\000i\000o\000n}{chapter.6}% 53
\BOOKMARK [1][-]{section.6.5}{\376\377\000L\000i\000m\000i\000t\000a\000t\000i\000o\000n\000s\000\040\000o\000f\000\040\000H\000a\000n\000d\000c\000r\000a\000f\000t\000e\000d\000\040\000F\000e\000a\000t\000u\000r\000e\000s}{chapter.6}% 54
\BOOKMARK [1][-]{section.6.6}{\376\377\000O\000n\000\040\000t\000h\000e\000\040\000S\000e\000m\000a\000n\000t\000i\000c\000\040\000E\000n\000h\000a\000n\000c\000e\000m\000e\000n\000t\000\040\000M\000o\000d\000u\000l\000e}{chapter.6}% 55
\BOOKMARK [1][-]{section.6.7}{\376\377\000P\000r\000a\000c\000t\000i\000c\000a\000l\000\040\000C\000o\000n\000s\000i\000d\000e\000r\000a\000t\000i\000o\000n\000s\000\040\000a\000n\000d\000\040\000D\000e\000p\000l\000o\000y\000m\000e\000n\000t}{chapter.6}% 56
\BOOKMARK [1][-]{section.6.8}{\376\377\000C\000o\000m\000p\000a\000r\000i\000s\000o\000n\000\040\000w\000i\000t\000h\000\040\000t\000h\000e\000\040\000R\000e\000s\000e\000a\000r\000c\000h\000\040\000Q\000u\000e\000s\000t\000i\000o\000n\000s}{chapter.6}% 57
\BOOKMARK [1][-]{section.6.9}{\376\377\000S\000u\000m\000m\000a\000r\000y}{chapter.6}% 58
\BOOKMARK [0][-]{chapter.7}{\376\377\000C\000o\000n\000c\000l\000u\000s\000i\000o\000n}{}% 59
\BOOKMARK [0][-]{chapter*.38}{\376\377\000B\000i\000b\000l\000i\000o\000g\000r\000a\000p\000h\000y}{}% 60
\BOOKMARK [0][-]{chapter*.40}{\376\377\000A\000p\000p\000e\000n\000d\000i\000x\000\040\000A}{}% 61
\BOOKMARK [0][-]{chapter*.43}{\376\377\000A\000p\000p\000e\000n\000d\000i\000x\000\040\000B\000\040}{}% 62
\BOOKMARK [0][-]{chapter*.53}{\376\377\000A\000p\000p\000e\000n\000d\000i\000x\000\040\000C}{}% 63
\BOOKMARK [1][-]{section*.55}{\376\377\000B\000o\000t\000t\000l\000e\000n\000e\000c\000k\000\040\000A\000t\000t\000e\000n\000t\000i\000o\000n\000\040\000L\000a\000y\000e\000r}{chapter*.53}% 64
\BOOKMARK [1][-]{section*.57}{\376\377\000D\000a\000t\000a\000s\000e\000t\000\040\000P\000r\000e\000p\000r\000o\000c\000e\000s\000s\000i\000n\000g}{chapter*.53}% 65
\BOOKMARK [1][-]{section*.59}{\376\377\000F\000e\000a\000t\000u\000r\000e\000\040\000E\000x\000t\000r\000a\000c\000t\000o\000r}{chapter*.53}% 66
\BOOKMARK [1][-]{section*.61}{\376\377\000T\000r\000a\000i\000n\000i\000n\000g\000\040\000L\000o\000o\000p}{chapter*.53}% 67
\BOOKMARK [1][-]{section*.63}{\376\377\000T\000r\000a\000i\000n\000\040\000a\000n\000d\000\040\000E\000v\000a\000l\000u\000a\000t\000e\000\040\000F\000u\000n\000c\000t\000i\000o\000n\000s}{chapter*.53}% 68
\BOOKMARK [1][-]{section*.65}{\376\377\000V\000i\000d\000e\000o\000\040\000F\000e\000a\000t\000u\000r\000e\000\040\000E\000x\000t\000r\000a\000c\000t\000i\000o\000n}{chapter*.53}% 69
